Creating an optimized production build...
Failed to compile.

Module not found: Error: Can't resolve '../../Components/DashboardLayout' in 'd:\HIRE\frontend\src\Pages\JOB SEEKER PANEL'



---STDERR---
(node:7552) [DEP0176] DeprecationWarning: fs.F_OK is deprecated, use fs.constants.F_OK instead
(Use `node --trace-deprecation ...` to show where the warning was created)
npm notice
npm notice New minor version of npm available! 11.6.2 -> 11.11.0
npm notice Changelog: https://github.com/npm/cli/releases/tag/v11.11.0
npm notice To update run: npm install -g npm@11.11.0
npm notice
