(node:15088) [DEP0176] DeprecationWarning: fs.F_OK is deprecated, use fs.constants.F_OK instead
(Use `node --trace-deprecation ...` to show where the warning was created)
Creating an optimized production build...
Failed to compile.

Module not found: Error: Can't resolve '../Components/DashboardLayout' in 'D:\HIRE\HIRE\frontend\src\Pages\ADMIN PANEL\MANAGE USERS'


